// Jest Snapshot v1, https://goo.gl/fbAQLP

exports[`Carousel should render properly 1`] = `
<StyledComponent
  forwardedComponent={
    Object {
      "$$typeof": Symbol(react.forward_ref),
      "attrs": Array [],
      "componentStyle": ComponentStyle {
        "componentId": "sc-bdVaJa",
        "isStatic": true,
        "rules": Array [
          "
  width: 100%;
  overflow: hidden;
",
        ],
      },
      "displayName": "styled.div",
      "foldedComponentIds": Array [],
      "render": [Function],
      "styledComponentId": "sc-bdVaJa",
      "target": "div",
      "toString": [Function],
      "warnTooManyClasses": [Function],
      "withComponent": [Function],
    }
  }
  forwardedRef={null}
  id="wrapper"
>
  <GlobalStyleComponent />
  <styled.div>
    <img
      src="https://s3.us-east-2.amazonaws.com/carousel-fec/youMay.png"
    />
  </styled.div>
  <styled.ul
    id="ul"
    sliding={false}
  />
  <styled.button
    onClick={[Function]}
  >
    <svg
      height="24"
      viewBox="0 0 24 24"
      width="24"
      xmlns="http://www.w3.org/2000/svg"
    >
      <path
        d="M8.59 16.59L13.17 12 8.59 7.41 10 6l6 6-6 6-1.41-1.41z"
      />
      <path
        d="M0 0h24v24H0V0z"
        fill="none"
      />
    </svg>
  </styled.button>
  <div
    id="indicator"
  >
    <styled.div>
      <styled.div
        clickPosition={0}
      />
    </styled.div>
  </div>
</StyledComponent>
`;
